
===========================================================================
 report_power
============================================================================
======================= Fastest Corner ===================================

Group                  Internal  Switching    Leakage      Total
                          Power      Power      Power      Power (Watts)
----------------------------------------------------------------
Sequential             1.00e-02   9.88e-04   5.66e-06   1.10e-02  21.1%
Combinational          1.86e-02   2.27e-02   7.52e-07   4.13e-02  78.9%
Macro                  0.00e+00   0.00e+00   0.00e+00   0.00e+00   0.0%
Pad                    0.00e+00   0.00e+00   0.00e+00   0.00e+00   0.0%
----------------------------------------------------------------
Total                  2.86e-02   2.37e-02   6.41e-06   5.23e-02 100.0%
                          54.7%      45.3%       0.0%

======================= Slowest Corner ===================================

Group                  Internal  Switching    Leakage      Total
                          Power      Power      Power      Power (Watts)
----------------------------------------------------------------
Sequential             6.86e-03   6.49e-04   7.32e-05   7.58e-03  21.0%
Combinational          1.32e-02   1.51e-02   2.36e-04   2.85e-02  79.0%
Macro                  0.00e+00   0.00e+00   0.00e+00   0.00e+00   0.0%
Pad                    0.00e+00   0.00e+00   0.00e+00   0.00e+00   0.0%
----------------------------------------------------------------
Total                  2.00e-02   1.58e-02   3.09e-04   3.61e-02 100.0%
                          55.4%      43.7%       0.9%

======================= Typical Corner ===================================

Group                  Internal  Switching    Leakage      Total
                          Power      Power      Power      Power (Watts)
----------------------------------------------------------------
Sequential             8.69e-03   8.31e-04   5.63e-06   9.52e-03  21.1%
Combinational          1.63e-02   1.93e-02   3.34e-07   3.56e-02  78.9%
Macro                  0.00e+00   0.00e+00   0.00e+00   0.00e+00   0.0%
Pad                    0.00e+00   0.00e+00   0.00e+00   0.00e+00   0.0%
----------------------------------------------------------------
Total                  2.50e-02   2.01e-02   5.96e-06   4.51e-02 100.0%
                          55.4%      44.6%       0.0%

