
===========================================================================
 report_power
============================================================================
======================= Fastest Corner ===================================

Group                  Internal  Switching    Leakage      Total
                          Power      Power      Power      Power (Watts)
----------------------------------------------------------------
Sequential             1.00e-02   9.24e-04   5.66e-06   1.10e-02  21.5%
Combinational          1.85e-02   2.14e-02   7.52e-07   3.99e-02  78.5%
Macro                  0.00e+00   0.00e+00   0.00e+00   0.00e+00   0.0%
Pad                    0.00e+00   0.00e+00   0.00e+00   0.00e+00   0.0%
----------------------------------------------------------------
Total                  2.86e-02   2.23e-02   6.41e-06   5.09e-02 100.0%
                          56.2%      43.8%       0.0%

======================= Slowest Corner ===================================

Group                  Internal  Switching    Leakage      Total
                          Power      Power      Power      Power (Watts)
----------------------------------------------------------------
Sequential             6.86e-03   6.07e-04   7.32e-05   7.54e-03  21.4%
Combinational          1.32e-02   1.43e-02   2.36e-04   2.77e-02  78.6%
Macro                  0.00e+00   0.00e+00   0.00e+00   0.00e+00   0.0%
Pad                    0.00e+00   0.00e+00   0.00e+00   0.00e+00   0.0%
----------------------------------------------------------------
Total                  2.00e-02   1.49e-02   3.09e-04   3.52e-02 100.0%
                          56.9%      42.2%       0.9%

======================= Typical Corner ===================================

Group                  Internal  Switching    Leakage      Total
                          Power      Power      Power      Power (Watts)
----------------------------------------------------------------
Sequential             8.69e-03   7.77e-04   5.63e-06   9.47e-03  21.6%
Combinational          1.63e-02   1.82e-02   3.34e-07   3.44e-02  78.4%
Macro                  0.00e+00   0.00e+00   0.00e+00   0.00e+00   0.0%
Pad                    0.00e+00   0.00e+00   0.00e+00   0.00e+00   0.0%
----------------------------------------------------------------
Total                  2.50e-02   1.89e-02   5.96e-06   4.39e-02 100.0%
                          56.9%      43.1%       0.0%

