Partial/Required:  5.88, Required:    400.0, Partial:  2350.78, Net: net2888, Pin: _27132_/A1, Layer: met1
Partial/Required:  5.77, Required:    400.0, Partial:  2309.11, Net: net1378, Pin: _27106_/C, Layer: met1
Partial/Required:  4.59, Required:    400.0, Partial:  1837.67, Net: net2067, Pin: _26777_/C, Layer: met1
Partial/Required:  2.78, Required:    400.0, Partial:  1111.17, Net: net1273, Pin: _27416_/S, Layer: met1
Partial/Required:  2.69, Required:    400.0, Partial:  1076.66, Net: net2131, Pin: _19103_/C, Layer: met1
Partial/Required:  2.51, Required:    400.0, Partial:  1004.67, Net: net2830, Pin: _27094_/A1, Layer: met1
Partial/Required:  2.13, Required:    400.0, Partial:   851.56, Net: net16461, Pin: _22635_/A0, Layer: met1
Partial/Required:  2.03, Required:    400.0, Partial:   810.81, Net: net3060, Pin: _26179_/A, Layer: met1
Partial/Required:  1.83, Required:    400.0, Partial:   732.56, Net: net8488, Pin: _17626_/A, Layer: met1
Partial/Required:  1.64, Required:    400.0, Partial:   655.56, Net: net65, Pin: _30398_/A0, Layer: met1
Partial/Required:  1.60, Required:  3308.48, Partial:  5293.97, Net: net3115, Pin: _22058_/A1, Layer: met3
Partial/Required:  1.57, Required:    400.0, Partial:    628.0, Net: net2136, Pin: _19064_/B, Layer: met1
Partial/Required:  1.48, Required:    400.0, Partial:   592.36, Net: _08468_, Pin: _19267_/A, Layer: met1
Partial/Required:  1.46, Required:  5916.68, Partial:  8665.14, Net: net3122, Pin: _21917_/A_N, Layer: met5
Partial/Required:  1.41, Required:    400.0, Partial:   565.67, Net: net9493, Pin: _28785_/A1, Layer: met1
Partial/Required:  1.41, Required:    400.0, Partial:   563.11, Net: net1836, Pin: _26245_/A, Layer: met1
Partial/Required:  1.37, Required:    400.0, Partial:   549.06, Net: _12848_, Pin: _24810_/A_N, Layer: met2
Partial/Required:  1.32, Required:    400.0, Partial:   529.33, Net: net9693, Pin: _16325_/A1_N, Layer: met1
Partial/Required:  1.29, Required:    400.0, Partial:   517.21, Net: clknet_2_3_0__00145_, Pin: clkbuf_3_7_0__00145_/A, Layer: met1
Partial/Required:  1.28, Required:    400.0, Partial:   513.22, Net: net2660, Pin: _17744_/B, Layer: met1
Partial/Required:  1.24, Required:    400.0, Partial:   496.44, Net: net1587, Pin: _26734_/B, Layer: met1
Partial/Required:  1.24, Required:  2927.24, Partial:  3617.21, Net: net2255, Pin: _19517_/A1, Layer: met5
Partial/Required:  1.23, Required:  3130.28, Partial:  3838.37, Net: net1418, Pin: wire1417/A, Layer: met3
Partial/Required:  1.22, Required:    400.0, Partial:   489.22, Net: genblk1\[42\].gpio_wb.gpio_ctrl.iomem_rdata\[8\], Pin: hold13687/A, Layer: met1
Partial/Required:  1.22, Required:    400.0, Partial:   488.84, Net: net1485, Pin: _26301_/A4, Layer: met1
Partial/Required:  1.22, Required:    400.0, Partial:   488.33, Net: genblk1\[29\].gpio_wb.gpio_ctrl.pad_gpio_out, Pin: _26745_/A1, Layer: met1
Partial/Required:  1.20, Required:    400.0, Partial:   479.78, Net: net3174, Pin: _24179_/A, Layer: met1
Partial/Required:  1.20, Required:    400.0, Partial:   478.29, Net: soc_mem.mem.rdata0\[25\], Pin: wire2310/A, Layer: met3
Partial/Required:  1.19, Required:    400.0, Partial:   475.44, Net: net689, Pin: _24856_/S, Layer: met1
Partial/Required:  1.17, Required:    400.0, Partial:   468.44, Net: _13071_, Pin: hold7/A, Layer: met1
Partial/Required:  1.16, Required:  4521.32, Partial:  5230.41, Net: net2698, Pin: wire2697/A, Layer: met5
Partial/Required:  1.15, Required:    400.0, Partial:   460.11, Net: _08588_, Pin: wire1748/A, Layer: met1
Partial/Required:  1.13, Required:    400.0, Partial:   450.11, Net: genblk1\[34\].gpio_wb.gpio_ctrl.pad_gpio_slow_sel, Pin: hold8402/A, Layer: met1
Partial/Required:  1.11, Required:    400.0, Partial:   443.11, Net: net2833, Pin: _27283_/A1, Layer: met1
Partial/Required:  1.10, Required:    400.0, Partial:   440.67, Net: net18041, Pin: _16917_/A1, Layer: met1
Partial/Required:  1.08, Required:    400.0, Partial:   430.65, Net: soc_mem.mem.rdata1\[24\], Pin: wire2234/A, Layer: met1
Partial/Required:  1.07, Required:    400.0, Partial:   426.56, Net: cpu.picorv32_core.alu_out\[16\], Pin: hold13963/A, Layer: met1
Partial/Required:  1.06, Required:    400.0, Partial:   422.44, Net: net705, Pin: _17528_/S, Layer: met1
Partial/Required:  1.04, Required:    400.0, Partial:   416.55, Net: net3553, Pin: _26316_/A1, Layer: met1
Partial/Required:  1.02, Required:    400.0, Partial:   408.61, Net: net21882, Pin: _24166_/A0, Layer: met2
