Partial/Required:  3.40, Required:    400.0, Partial:  1358.08, Net: net1474, Pin: _27442_/D, Layer: met1
Partial/Required:  2.80, Required:    400.0, Partial:  1120.67, Net: net2874, Pin: _26915_/A0, Layer: met1
Partial/Required:  1.63, Required:    400.0, Partial:   651.49, Net: net1823, Pin: fanout1814/A, Layer: met1
Partial/Required:  1.52, Required:  2773.88, Partial:  4221.46, Net: net3253, Pin: _21866_/A1, Layer: met3
Partial/Required:  1.49, Required:    400.0, Partial:   597.67, Net: genblk1\[23\].gpio_wb.gpio_ctrl.iomem_rdata\[11\], Pin: hold11812/A, Layer: met1
Partial/Required:  1.49, Required:    400.0, Partial:   596.78, Net: net103, Pin: _30010_/A, Layer: met1
Partial/Required:  1.49, Required:  3486.68, Partial:  5196.93, Net: hkspi.pass_thru_csb, Pin: _30488_/A1, Layer: met3
Partial/Required:  1.36, Required:    400.0, Partial:   543.42, Net: net1507, Pin: _26417_/D, Layer: met1
Partial/Required:  1.36, Required:    400.0, Partial:   542.33, Net: net668, Pin: _20613_/D, Layer: met1
Partial/Required:  1.32, Required:    400.0, Partial:   529.56, Net: net2875, Pin: _27417_/A0, Layer: met1
Partial/Required:  1.30, Required:  3304.16, Partial:  4311.49, Net: net2849, Pin: _25322_/A0, Layer: met3
Partial/Required:  1.30, Required:    400.0, Partial:   521.67, Net: net1611, Pin: _26480_/B, Layer: met1
Partial/Required:  1.30, Required:    400.0, Partial:   521.11, Net: net1510, Pin: _27020_/C, Layer: met1
Partial/Required:  1.29, Required:  2773.88, Partial:  3573.71, Net: net2869, Pin: _25989_/A1, Layer: met3
Partial/Required:  1.26, Required:    400.0, Partial:   502.22, Net: genblk1\[37\].gpio_wb.gpio_ctrl.pad_gpio_oeb, Pin: hold15767/A, Layer: met1
Partial/Required:  1.20, Required:    400.0, Partial:   481.89, Net: net1837, Pin: _26445_/A, Layer: met1
Partial/Required:  1.18, Required:    400.0, Partial:   472.55, Net: net2907, Pin: wire2902/A, Layer: met1
Partial/Required:  1.17, Required:    400.0, Partial:   468.25, Net: net1345, Pin: _27176_/C, Layer: met1
Partial/Required:  1.15, Required:  2773.88, Partial:  3180.74, Net: net1901, Pin: max_length1900/A, Layer: met3
Partial/Required:  1.14, Required:    400.0, Partial:    457.0, Net: net2860, Pin: _27250_/A1, Layer: met1
Partial/Required:  1.04, Required:    400.0, Partial:    417.0, Net: net1507, Pin: _26331_/D, Layer: met1
Partial/Required:  1.04, Required:    400.0, Partial:   414.11, Net: net13727, Pin: _24119_/A0, Layer: met1
Partial/Required:  1.02, Required:    400.0, Partial:   406.67, Net: net10035, Pin: _17670_/A1, Layer: met1
