
qspi.elf:     file format elf32-littleriscv


Disassembly of section .text:

10000000 <start>:
10000000:	00000093          	li	ra,0
10000004:	00000193          	li	gp,0
10000008:	00000213          	li	tp,0
1000000c:	00000293          	li	t0,0
10000010:	00000313          	li	t1,0
10000014:	00000393          	li	t2,0
10000018:	00000413          	li	s0,0
1000001c:	00000493          	li	s1,0
10000020:	00000513          	li	a0,0
10000024:	00000593          	li	a1,0
10000028:	00000613          	li	a2,0
1000002c:	00000693          	li	a3,0
10000030:	00000713          	li	a4,0
10000034:	00000793          	li	a5,0
10000038:	00000813          	li	a6,0
1000003c:	00000893          	li	a7,0
10000040:	00000913          	li	s2,0
10000044:	00000993          	li	s3,0
10000048:	00000a13          	li	s4,0
1000004c:	00000a93          	li	s5,0
10000050:	00000b13          	li	s6,0
10000054:	00000b93          	li	s7,0
10000058:	00000c13          	li	s8,0
1000005c:	00000c93          	li	s9,0
10000060:	00000d13          	li	s10,0
10000064:	00000d93          	li	s11,0
10000068:	00000e13          	li	t3,0
1000006c:	00000e93          	li	t4,0
10000070:	00000f13          	li	t5,0
10000074:	00000f93          	li	t6,0
10000078:	00000517          	auipc	a0,0x0
1000007c:	6d050513          	addi	a0,a0,1744 # 10000748 <_etext>
10000080:	00000593          	li	a1,0
10000084:	00000613          	li	a2,0
10000088:	00c5d863          	bge	a1,a2,10000098 <end_init_data>

1000008c <loop_init_data>:
1000008c:	4114                	lw	a3,0(a0)
1000008e:	c194                	sw	a3,0(a1)
10000090:	0511                	addi	a0,a0,4
10000092:	0591                	addi	a1,a1,4
10000094:	fec5cce3          	blt	a1,a2,1000008c <loop_init_data>

10000098 <end_init_data>:
10000098:	00000513          	li	a0,0
1000009c:	00000593          	li	a1,0
100000a0:	00b55763          	bge	a0,a1,100000ae <end_init_bss>

100000a4 <loop_init_bss>:
100000a4:	00052023          	sw	zero,0(a0)
100000a8:	0511                	addi	a0,a0,4
100000aa:	feb54de3          	blt	a0,a1,100000a4 <loop_init_bss>

100000ae <end_init_bss>:
100000ae:	2e45                	jal	1000045e <main>

100000b0 <loop>:
100000b0:	a001                	j	100000b0 <loop>
100000b2:	0001                	nop

100000b4 <flashio_worker_begin>:
100000b4:	2d0002b7          	lui	t0,0x2d000
100000b8:	12000313          	li	t1,288
100000bc:	00629023          	sh	t1,0(t0) # 2d000000 <_etext+0x1cfff8b8>
100000c0:	000281a3          	sb	zero,3(t0)
100000c4:	c605                	beqz	a2,100000ec <flashio_worker_L1>
100000c6:	4f21                	li	t5,8
100000c8:	0ff67393          	andi	t2,a2,255

100000cc <flashio_worker_L4>:
100000cc:	0073de93          	srli	t4,t2,0x7
100000d0:	01d28023          	sb	t4,0(t0)
100000d4:	010eee93          	ori	t4,t4,16
100000d8:	01d28023          	sb	t4,0(t0)
100000dc:	0386                	slli	t2,t2,0x1
100000de:	0ff3f393          	andi	t2,t2,255
100000e2:	1f7d                	addi	t5,t5,-1
100000e4:	fe0f14e3          	bnez	t5,100000cc <flashio_worker_L4>
100000e8:	00628023          	sb	t1,0(t0)

100000ec <flashio_worker_L1>:
100000ec:	c9a1                	beqz	a1,1000013c <flashio_worker_L3>
100000ee:	02000f13          	li	t5,32
100000f2:	00052383          	lw	t2,0(a0)

100000f6 <flashio_worker_LY>:
100000f6:	4fa1                	li	t6,8

100000f8 <flashio_worker_L2>:
100000f8:	01f3de93          	srli	t4,t2,0x1f
100000fc:	01d28023          	sb	t4,0(t0)
10000100:	010eee93          	ori	t4,t4,16
10000104:	01d28023          	sb	t4,0(t0)
10000108:	0002ce83          	lbu	t4,0(t0)
1000010c:	002efe93          	andi	t4,t4,2
10000110:	001ede93          	srli	t4,t4,0x1
10000114:	0386                	slli	t2,t2,0x1
10000116:	01d3e3b3          	or	t2,t2,t4
1000011a:	1f7d                	addi	t5,t5,-1
1000011c:	000f1763          	bnez	t5,1000012a <flashio_worker_LX>
10000120:	00752023          	sw	t2,0(a0)
10000124:	0511                	addi	a0,a0,4
10000126:	00052383          	lw	t2,0(a0)

1000012a <flashio_worker_LX>:
1000012a:	1ffd                	addi	t6,t6,-1
1000012c:	fc0f96e3          	bnez	t6,100000f8 <flashio_worker_L2>
10000130:	15fd                	addi	a1,a1,-1
10000132:	f1f1                	bnez	a1,100000f6 <flashio_worker_LY>
10000134:	000f0463          	beqz	t5,1000013c <flashio_worker_L3>
10000138:	00752023          	sw	t2,0(a0)

1000013c <flashio_worker_L3>:
1000013c:	08000313          	li	t1,128
10000140:	006281a3          	sb	t1,3(t0)
10000144:	8082                	ret
10000146:	0001                	nop

10000148 <flashio_worker_end>:
	...

1000014a <putchar>:
1000014a:	1101                	addi	sp,sp,-32
1000014c:	ce22                	sw	s0,28(sp)
1000014e:	1000                	addi	s0,sp,32
10000150:	87aa                	mv	a5,a0
10000152:	fef407a3          	sb	a5,-17(s0)
10000156:	200007b7          	lui	a5,0x20000
1000015a:	0791                	addi	a5,a5,4
1000015c:	fef44703          	lbu	a4,-17(s0)
10000160:	c398                	sw	a4,0(a5)
10000162:	0001                	nop
10000164:	4472                	lw	s0,28(sp)
10000166:	6105                	addi	sp,sp,32
10000168:	8082                	ret

1000016a <print>:
1000016a:	1101                	addi	sp,sp,-32
1000016c:	ce06                	sw	ra,28(sp)
1000016e:	cc22                	sw	s0,24(sp)
10000170:	1000                	addi	s0,sp,32
10000172:	fea42623          	sw	a0,-20(s0)
10000176:	a819                	j	1000018c <print+0x22>
10000178:	fec42783          	lw	a5,-20(s0)
1000017c:	00178713          	addi	a4,a5,1 # 20000001 <_etext+0xffff8b9>
10000180:	fee42623          	sw	a4,-20(s0)
10000184:	0007c783          	lbu	a5,0(a5)
10000188:	853e                	mv	a0,a5
1000018a:	37c1                	jal	1000014a <putchar>
1000018c:	fec42783          	lw	a5,-20(s0)
10000190:	0007c783          	lbu	a5,0(a5)
10000194:	f3f5                	bnez	a5,10000178 <print+0xe>
10000196:	0001                	nop
10000198:	40f2                	lw	ra,28(sp)
1000019a:	4462                	lw	s0,24(sp)
1000019c:	6105                	addi	sp,sp,32
1000019e:	8082                	ret

100001a0 <print_hex>:
100001a0:	7179                	addi	sp,sp,-48
100001a2:	d606                	sw	ra,44(sp)
100001a4:	d422                	sw	s0,40(sp)
100001a6:	1800                	addi	s0,sp,48
100001a8:	fca42e23          	sw	a0,-36(s0)
100001ac:	fcb42c23          	sw	a1,-40(s0)
100001b0:	fd842783          	lw	a5,-40(s0)
100001b4:	17fd                	addi	a5,a5,-1
100001b6:	fef42623          	sw	a5,-20(s0)
100001ba:	a825                	j	100001f2 <print_hex+0x52>
100001bc:	fec42783          	lw	a5,-20(s0)
100001c0:	078a                	slli	a5,a5,0x2
100001c2:	fdc42703          	lw	a4,-36(s0)
100001c6:	00f757b3          	srl	a5,a4,a5
100001ca:	00f7f713          	andi	a4,a5,15
100001ce:	100007b7          	lui	a5,0x10000
100001d2:	65478793          	addi	a5,a5,1620 # 10000654 <main+0x1f6>
100001d6:	97ba                	add	a5,a5,a4
100001d8:	0007c783          	lbu	a5,0(a5)
100001dc:	fef405a3          	sb	a5,-21(s0)
100001e0:	feb44783          	lbu	a5,-21(s0)
100001e4:	853e                	mv	a0,a5
100001e6:	3795                	jal	1000014a <putchar>
100001e8:	fec42783          	lw	a5,-20(s0)
100001ec:	17fd                	addi	a5,a5,-1
100001ee:	fef42623          	sw	a5,-20(s0)
100001f2:	fec42783          	lw	a5,-20(s0)
100001f6:	fc07d3e3          	bgez	a5,100001bc <print_hex+0x1c>
100001fa:	0001                	nop
100001fc:	50b2                	lw	ra,44(sp)
100001fe:	5422                	lw	s0,40(sp)
10000200:	6145                	addi	sp,sp,48
10000202:	8082                	ret

10000204 <flashio>:
10000204:	7179                	addi	sp,sp,-48
10000206:	d606                	sw	ra,44(sp)
10000208:	d422                	sw	s0,40(sp)
1000020a:	d226                	sw	s1,36(sp)
1000020c:	1800                	addi	s0,sp,48
1000020e:	fca42e23          	sw	a0,-36(s0)
10000212:	fcb42c23          	sw	a1,-40(s0)
10000216:	fcc40ba3          	sb	a2,-41(s0)
1000021a:	860a                	mv	a2,sp
1000021c:	84b2                	mv	s1,a2
1000021e:	10000637          	lui	a2,0x10000
10000222:	14860593          	addi	a1,a2,328 # 10000148 <flashio_worker_end>
10000226:	10000637          	lui	a2,0x10000
1000022a:	0b460613          	addi	a2,a2,180 # 100000b4 <flashio_worker_begin>
1000022e:	40c58633          	sub	a2,a1,a2
10000232:	8609                	srai	a2,a2,0x2
10000234:	167d                	addi	a2,a2,-1
10000236:	fec42223          	sw	a2,-28(s0)
1000023a:	10000637          	lui	a2,0x10000
1000023e:	14860593          	addi	a1,a2,328 # 10000148 <flashio_worker_end>
10000242:	10000637          	lui	a2,0x10000
10000246:	0b460613          	addi	a2,a2,180 # 100000b4 <flashio_worker_begin>
1000024a:	40c58633          	sub	a2,a1,a2
1000024e:	8609                	srai	a2,a2,0x2
10000250:	8e32                	mv	t3,a2
10000252:	4e81                	li	t4,0
10000254:	01be5613          	srli	a2,t3,0x1b
10000258:	005e9713          	slli	a4,t4,0x5
1000025c:	8f51                	or	a4,a4,a2
1000025e:	005e1693          	slli	a3,t3,0x5
10000262:	10000737          	lui	a4,0x10000
10000266:	14870693          	addi	a3,a4,328 # 10000148 <flashio_worker_end>
1000026a:	10000737          	lui	a4,0x10000
1000026e:	0b470713          	addi	a4,a4,180 # 100000b4 <flashio_worker_begin>
10000272:	40e68733          	sub	a4,a3,a4
10000276:	8709                	srai	a4,a4,0x2
10000278:	833a                	mv	t1,a4
1000027a:	4381                	li	t2,0
1000027c:	01b35713          	srli	a4,t1,0x1b
10000280:	00539813          	slli	a6,t2,0x5
10000284:	01076833          	or	a6,a4,a6
10000288:	00531793          	slli	a5,t1,0x5
1000028c:	100007b7          	lui	a5,0x10000
10000290:	14878713          	addi	a4,a5,328 # 10000148 <flashio_worker_end>
10000294:	100007b7          	lui	a5,0x10000
10000298:	0b478793          	addi	a5,a5,180 # 100000b4 <flashio_worker_begin>
1000029c:	40f707b3          	sub	a5,a4,a5
100002a0:	078d                	addi	a5,a5,3
100002a2:	9bf1                	andi	a5,a5,-4
100002a4:	07bd                	addi	a5,a5,15
100002a6:	8391                	srli	a5,a5,0x4
100002a8:	0792                	slli	a5,a5,0x4
100002aa:	40f10133          	sub	sp,sp,a5
100002ae:	878a                	mv	a5,sp
100002b0:	078d                	addi	a5,a5,3
100002b2:	8389                	srli	a5,a5,0x2
100002b4:	078a                	slli	a5,a5,0x2
100002b6:	fef42023          	sw	a5,-32(s0)
100002ba:	100007b7          	lui	a5,0x10000
100002be:	0b478793          	addi	a5,a5,180 # 100000b4 <flashio_worker_begin>
100002c2:	fef42423          	sw	a5,-24(s0)
100002c6:	fe042783          	lw	a5,-32(s0)
100002ca:	fef42623          	sw	a5,-20(s0)
100002ce:	a839                	j	100002ec <flashio+0xe8>
100002d0:	fe842703          	lw	a4,-24(s0)
100002d4:	00470793          	addi	a5,a4,4
100002d8:	fef42423          	sw	a5,-24(s0)
100002dc:	fec42783          	lw	a5,-20(s0)
100002e0:	00478693          	addi	a3,a5,4
100002e4:	fed42623          	sw	a3,-20(s0)
100002e8:	4318                	lw	a4,0(a4)
100002ea:	c398                	sw	a4,0(a5)
100002ec:	fe842703          	lw	a4,-24(s0)
100002f0:	100007b7          	lui	a5,0x10000
100002f4:	14878793          	addi	a5,a5,328 # 10000148 <flashio_worker_end>
100002f8:	fcf71ce3          	bne	a4,a5,100002d0 <flashio+0xcc>
100002fc:	fe042783          	lw	a5,-32(s0)
10000300:	86be                	mv	a3,a5
10000302:	fd842783          	lw	a5,-40(s0)
10000306:	fd744703          	lbu	a4,-41(s0)
1000030a:	863a                	mv	a2,a4
1000030c:	85be                	mv	a1,a5
1000030e:	fdc42503          	lw	a0,-36(s0)
10000312:	9682                	jalr	a3
10000314:	8126                	mv	sp,s1
10000316:	0001                	nop
10000318:	fd040113          	addi	sp,s0,-48
1000031c:	50b2                	lw	ra,44(sp)
1000031e:	5422                	lw	s0,40(sp)
10000320:	5492                	lw	s1,36(sp)
10000322:	6145                	addi	sp,sp,48
10000324:	8082                	ret

10000326 <set_flash_latency>:
10000326:	7179                	addi	sp,sp,-48
10000328:	d606                	sw	ra,44(sp)
1000032a:	d422                	sw	s0,40(sp)
1000032c:	1800                	addi	s0,sp,48
1000032e:	87aa                	mv	a5,a0
10000330:	fcf40fa3          	sb	a5,-33(s0)
10000334:	2d0007b7          	lui	a5,0x2d000
10000338:	4398                	lw	a4,0(a5)
1000033a:	ff8107b7          	lui	a5,0xff810
1000033e:	17fd                	addi	a5,a5,-1
10000340:	00f776b3          	and	a3,a4,a5
10000344:	fdf44783          	lbu	a5,-33(s0)
10000348:	07c2                	slli	a5,a5,0x10
1000034a:	873e                	mv	a4,a5
1000034c:	000f07b7          	lui	a5,0xf0
10000350:	8f7d                	and	a4,a4,a5
10000352:	2d0007b7          	lui	a5,0x2d000
10000356:	8f55                	or	a4,a4,a3
10000358:	c398                	sw	a4,0(a5)
1000035a:	010007b7          	lui	a5,0x1000
1000035e:	26078793          	addi	a5,a5,608 # 1000260 <_edata+0x1000260>
10000362:	fef42423          	sw	a5,-24(s0)
10000366:	fdf44783          	lbu	a5,-33(s0)
1000036a:	0707e793          	ori	a5,a5,112
1000036e:	0ff7f793          	andi	a5,a5,255
10000372:	07e2                	slli	a5,a5,0x18
10000374:	fef42623          	sw	a5,-20(s0)
10000378:	fe840793          	addi	a5,s0,-24
1000037c:	05000613          	li	a2,80
10000380:	4595                	li	a1,5
10000382:	853e                	mv	a0,a5
10000384:	3541                	jal	10000204 <flashio>
10000386:	0001                	nop
10000388:	50b2                	lw	ra,44(sp)
1000038a:	5422                	lw	s0,40(sp)
1000038c:	6145                	addi	sp,sp,48
1000038e:	8082                	ret

10000390 <cmd_read_flash_regs_print>:
10000390:	7179                	addi	sp,sp,-48
10000392:	d606                	sw	ra,44(sp)
10000394:	d422                	sw	s0,40(sp)
10000396:	1800                	addi	s0,sp,48
10000398:	fca42e23          	sw	a0,-36(s0)
1000039c:	fcb42c23          	sw	a1,-40(s0)
100003a0:	fdc42703          	lw	a4,-36(s0)
100003a4:	650007b7          	lui	a5,0x65000
100003a8:	8fd9                	or	a5,a5,a4
100003aa:	fef42423          	sw	a5,-24(s0)
100003ae:	fe042623          	sw	zero,-20(s0)
100003b2:	fe840793          	addi	a5,s0,-24
100003b6:	4601                	li	a2,0
100003b8:	4599                	li	a1,6
100003ba:	853e                	mv	a0,a5
100003bc:	35a1                	jal	10000204 <flashio>
100003be:	100007b7          	lui	a5,0x10000
100003c2:	66878513          	addi	a0,a5,1640 # 10000668 <main+0x20a>
100003c6:	3355                	jal	1000016a <print>
100003c8:	4599                	li	a1,6
100003ca:	fdc42503          	lw	a0,-36(s0)
100003ce:	3bc9                	jal	100001a0 <print_hex>
100003d0:	100007b7          	lui	a5,0x10000
100003d4:	66c78513          	addi	a0,a5,1644 # 1000066c <main+0x20e>
100003d8:	3b49                	jal	1000016a <print>
100003da:	fd842503          	lw	a0,-40(s0)
100003de:	3371                	jal	1000016a <print>
100003e0:	100007b7          	lui	a5,0x10000
100003e4:	67078513          	addi	a0,a5,1648 # 10000670 <main+0x212>
100003e8:	3349                	jal	1000016a <print>
100003ea:	fec42783          	lw	a5,-20(s0)
100003ee:	4589                	li	a1,2
100003f0:	853e                	mv	a0,a5
100003f2:	337d                	jal	100001a0 <print_hex>
100003f4:	100007b7          	lui	a5,0x10000
100003f8:	67478513          	addi	a0,a5,1652 # 10000674 <main+0x216>
100003fc:	33bd                	jal	1000016a <print>
100003fe:	0001                	nop
10000400:	50b2                	lw	ra,44(sp)
10000402:	5422                	lw	s0,40(sp)
10000404:	6145                	addi	sp,sp,48
10000406:	8082                	ret

10000408 <cmd_read_flash_regs>:
10000408:	1141                	addi	sp,sp,-16
1000040a:	c606                	sw	ra,12(sp)
1000040c:	c422                	sw	s0,8(sp)
1000040e:	0800                	addi	s0,sp,16
10000410:	100007b7          	lui	a5,0x10000
10000414:	67878593          	addi	a1,a5,1656 # 10000678 <main+0x21a>
10000418:	00800537          	lui	a0,0x800
1000041c:	3f95                	jal	10000390 <cmd_read_flash_regs_print>
1000041e:	100007b7          	lui	a5,0x10000
10000422:	68078593          	addi	a1,a5,1664 # 10000680 <main+0x222>
10000426:	008007b7          	lui	a5,0x800
1000042a:	00278513          	addi	a0,a5,2 # 800002 <_edata+0x800002>
1000042e:	378d                	jal	10000390 <cmd_read_flash_regs_print>
10000430:	100007b7          	lui	a5,0x10000
10000434:	68878593          	addi	a1,a5,1672 # 10000688 <main+0x22a>
10000438:	008007b7          	lui	a5,0x800
1000043c:	00378513          	addi	a0,a5,3 # 800003 <_edata+0x800003>
10000440:	3f81                	jal	10000390 <cmd_read_flash_regs_print>
10000442:	100007b7          	lui	a5,0x10000
10000446:	69078593          	addi	a1,a5,1680 # 10000690 <main+0x232>
1000044a:	008007b7          	lui	a5,0x800
1000044e:	00478513          	addi	a0,a5,4 # 800004 <_edata+0x800004>
10000452:	3f3d                	jal	10000390 <cmd_read_flash_regs_print>
10000454:	0001                	nop
10000456:	40b2                	lw	ra,12(sp)
10000458:	4422                	lw	s0,8(sp)
1000045a:	0141                	addi	sp,sp,16
1000045c:	8082                	ret

1000045e <main>:
1000045e:	1101                	addi	sp,sp,-32
10000460:	ce06                	sw	ra,28(sp)
10000462:	cc22                	sw	s0,24(sp)
10000464:	1000                	addi	s0,sp,32
10000466:	210007b7          	lui	a5,0x21000
1000046a:	0ac78793          	addi	a5,a5,172 # 210000ac <_etext+0x10fff964>
1000046e:	2c600713          	li	a4,710
10000472:	c398                	sw	a4,0(a5)
10000474:	250007b7          	lui	a5,0x25000
10000478:	0791                	addi	a5,a5,4
1000047a:	ffe00737          	lui	a4,0xffe00
1000047e:	177d                	addi	a4,a4,-1
10000480:	c398                	sw	a4,0(a5)
10000482:	250007b7          	lui	a5,0x25000
10000486:	07a1                	addi	a5,a5,8
10000488:	00200737          	lui	a4,0x200
1000048c:	c398                	sw	a4,0(a5)
1000048e:	250007b7          	lui	a5,0x25000
10000492:	0007a023          	sw	zero,0(a5) # 25000000 <_etext+0x14fff8b8>
10000496:	200007b7          	lui	a5,0x20000
1000049a:	41200713          	li	a4,1042
1000049e:	c398                	sw	a4,0(a5)
100004a0:	200007b7          	lui	a5,0x20000
100004a4:	07a1                	addi	a5,a5,8
100004a6:	4705                	li	a4,1
100004a8:	c398                	sw	a4,0(a5)
100004aa:	4521                	li	a0,8
100004ac:	3dad                	jal	10000326 <set_flash_latency>
100004ae:	2d0007b7          	lui	a5,0x2d000
100004b2:	80480737          	lui	a4,0x80480
100004b6:	c398                	sw	a4,0(a5)
100004b8:	fe042223          	sw	zero,-28(s0)
100004bc:	100007b7          	lui	a5,0x10000
100004c0:	69878513          	addi	a0,a5,1688 # 10000698 <main+0x23a>
100004c4:	315d                	jal	1000016a <print>
100004c6:	3789                	jal	10000408 <cmd_read_flash_regs>
100004c8:	fe042423          	sw	zero,-24(s0)
100004cc:	250007b7          	lui	a5,0x25000
100004d0:	0007a023          	sw	zero,0(a5) # 25000000 <_etext+0x14fff8b8>
100004d4:	fe042623          	sw	zero,-20(s0)
100004d8:	a031                	j	100004e4 <main+0x86>
100004da:	fec42783          	lw	a5,-20(s0)
100004de:	0785                	addi	a5,a5,1
100004e0:	fef42623          	sw	a5,-20(s0)
100004e4:	fec42703          	lw	a4,-20(s0)
100004e8:	6785                	lui	a5,0x1
100004ea:	bb778793          	addi	a5,a5,-1097 # bb7 <_edata+0xbb7>
100004ee:	fee7d6e3          	bge	a5,a4,100004da <main+0x7c>
100004f2:	250007b7          	lui	a5,0x25000
100004f6:	00200737          	lui	a4,0x200
100004fa:	c398                	sw	a4,0(a5)
100004fc:	fe042623          	sw	zero,-20(s0)
10000500:	a031                	j	1000050c <main+0xae>
10000502:	fec42783          	lw	a5,-20(s0)
10000506:	0785                	addi	a5,a5,1
10000508:	fef42623          	sw	a5,-20(s0)
1000050c:	fec42703          	lw	a4,-20(s0)
10000510:	6785                	lui	a5,0x1
10000512:	bb778793          	addi	a5,a5,-1097 # bb7 <_edata+0xbb7>
10000516:	fee7d6e3          	bge	a5,a4,10000502 <main+0xa4>
1000051a:	fe842783          	lw	a5,-24(s0)
1000051e:	0785                	addi	a5,a5,1
10000520:	fef42423          	sw	a5,-24(s0)
10000524:	fe842703          	lw	a4,-24(s0)
10000528:	47a9                	li	a5,10
1000052a:	02f767b3          	rem	a5,a4,a5
1000052e:	e791                	bnez	a5,1000053a <main+0xdc>
10000530:	fe442783          	lw	a5,-28(s0)
10000534:	0785                	addi	a5,a5,1
10000536:	fef42223          	sw	a5,-28(s0)
1000053a:	fe442703          	lw	a4,-28(s0)
1000053e:	47f1                	li	a5,28
10000540:	00f71563          	bne	a4,a5,1000054a <main+0xec>
10000544:	4785                	li	a5,1
10000546:	fef42223          	sw	a5,-28(s0)
1000054a:	fe442703          	lw	a4,-28(s0)
1000054e:	4785                	li	a5,1
10000550:	00f71d63          	bne	a4,a5,1000056a <main+0x10c>
10000554:	2d0007b7          	lui	a5,0x2d000
10000558:	80080737          	lui	a4,0x80080
1000055c:	c398                	sw	a4,0(a5)
1000055e:	100007b7          	lui	a5,0x10000
10000562:	6a878513          	addi	a0,a5,1704 # 100006a8 <main+0x24a>
10000566:	3111                	jal	1000016a <print>
10000568:	b795                	j	100004cc <main+0x6e>
1000056a:	fe442703          	lw	a4,-28(s0)
1000056e:	4789                	li	a5,2
10000570:	00f71d63          	bne	a4,a5,1000058a <main+0x12c>
10000574:	2d0007b7          	lui	a5,0x2d000
10000578:	80480737          	lui	a4,0x80480
1000057c:	c398                	sw	a4,0(a5)
1000057e:	100007b7          	lui	a5,0x10000
10000582:	6bc78513          	addi	a0,a5,1724 # 100006bc <main+0x25e>
10000586:	36d5                	jal	1000016a <print>
10000588:	b791                	j	100004cc <main+0x6e>
1000058a:	fe442703          	lw	a4,-28(s0)
1000058e:	4791                	li	a5,4
10000590:	00f71d63          	bne	a4,a5,100005aa <main+0x14c>
10000594:	2d0007b7          	lui	a5,0x2d000
10000598:	80580737          	lui	a4,0x80580
1000059c:	c398                	sw	a4,0(a5)
1000059e:	100007b7          	lui	a5,0x10000
100005a2:	6d078513          	addi	a0,a5,1744 # 100006d0 <main+0x272>
100005a6:	36d1                	jal	1000016a <print>
100005a8:	b715                	j	100004cc <main+0x6e>
100005aa:	fe442703          	lw	a4,-28(s0)
100005ae:	4799                	li	a5,6
100005b0:	00f71f63          	bne	a4,a5,100005ce <main+0x170>
100005b4:	4511                	li	a0,4
100005b6:	3b85                	jal	10000326 <set_flash_latency>
100005b8:	2d0007b7          	lui	a5,0x2d000
100005bc:	80540737          	lui	a4,0x80540
100005c0:	c398                	sw	a4,0(a5)
100005c2:	100007b7          	lui	a5,0x10000
100005c6:	6e478513          	addi	a0,a5,1764 # 100006e4 <main+0x286>
100005ca:	3645                	jal	1000016a <print>
100005cc:	b701                	j	100004cc <main+0x6e>
100005ce:	fe442703          	lw	a4,-28(s0)
100005d2:	47a1                	li	a5,8
100005d4:	00f71f63          	bne	a4,a5,100005f2 <main+0x194>
100005d8:	4521                	li	a0,8
100005da:	33b1                	jal	10000326 <set_flash_latency>
100005dc:	2d0007b7          	lui	a5,0x2d000
100005e0:	80280737          	lui	a4,0x80280
100005e4:	c398                	sw	a4,0(a5)
100005e6:	100007b7          	lui	a5,0x10000
100005ea:	6f878513          	addi	a0,a5,1784 # 100006f8 <main+0x29a>
100005ee:	3eb5                	jal	1000016a <print>
100005f0:	bdf1                	j	100004cc <main+0x6e>
100005f2:	fe442703          	lw	a4,-28(s0)
100005f6:	47b1                	li	a5,12
100005f8:	00f71d63          	bne	a4,a5,10000612 <main+0x1b4>
100005fc:	2d0007b7          	lui	a5,0x2d000
10000600:	80380737          	lui	a4,0x80380
10000604:	c398                	sw	a4,0(a5)
10000606:	100007b7          	lui	a5,0x10000
1000060a:	70c78513          	addi	a0,a5,1804 # 1000070c <main+0x2ae>
1000060e:	3eb1                	jal	1000016a <print>
10000610:	bd75                	j	100004cc <main+0x6e>
10000612:	fe442703          	lw	a4,-28(s0)
10000616:	47c1                	li	a5,16
10000618:	00f71d63          	bne	a4,a5,10000632 <main+0x1d4>
1000061c:	2d0007b7          	lui	a5,0x2d000
10000620:	80680737          	lui	a4,0x80680
10000624:	c398                	sw	a4,0(a5)
10000626:	100007b7          	lui	a5,0x10000
1000062a:	72078513          	addi	a0,a5,1824 # 10000720 <main+0x2c2>
1000062e:	3e35                	jal	1000016a <print>
10000630:	bd71                	j	100004cc <main+0x6e>
10000632:	fe442703          	lw	a4,-28(s0)
10000636:	47d1                	li	a5,20
10000638:	e8f71ae3          	bne	a4,a5,100004cc <main+0x6e>
1000063c:	2d0007b7          	lui	a5,0x2d000
10000640:	80780737          	lui	a4,0x80780
10000644:	c398                	sw	a4,0(a5)
10000646:	100007b7          	lui	a5,0x10000
1000064a:	73478513          	addi	a0,a5,1844 # 10000734 <main+0x2d6>
1000064e:	3e31                	jal	1000016a <print>
10000650:	bdb5                	j	100004cc <main+0x6e>
10000652:	0000                	unimp
10000654:	3130                	fld	fa2,96(a0)
10000656:	3332                	fld	ft6,296(sp)
10000658:	3534                	fld	fa3,104(a0)
1000065a:	3736                	fld	fa4,360(sp)
1000065c:	3938                	fld	fa4,112(a0)
1000065e:	6261                	lui	tp,0x18
10000660:	66656463          	bltu	a0,t1,10000cc8 <_etext+0x580>
10000664:	0000                	unimp
10000666:	0000                	unimp
10000668:	7830                	flw	fa2,112(s0)
1000066a:	0000                	unimp
1000066c:	0020                	addi	s0,sp,8
1000066e:	0000                	unimp
10000670:	3020                	fld	fs0,96(s0)
10000672:	0078                	addi	a4,sp,12
10000674:	2020                	fld	fs0,64(s0)
10000676:	0000                	unimp
10000678:	56315253          	0x56315253
1000067c:	0000                	unimp
1000067e:	0000                	unimp
10000680:	56315243          	fmadd.q	ft4,ft2,ft3,fa0,unknown
10000684:	0000                	unimp
10000686:	0000                	unimp
10000688:	56325243          	fmadd.q	ft4,ft4,ft3,fa0,unknown
1000068c:	0000                	unimp
1000068e:	0000                	unimp
10000690:	56335243          	fmadd.q	ft4,ft6,ft3,fa0,unknown
10000694:	0000                	unimp
10000696:	0000                	unimp
10000698:	6548                	flw	fa0,12(a0)
1000069a:	6c6c                	flw	fa1,92(s0)
1000069c:	6f77206f          	j	10073592 <_etext+0x72e4a>
100006a0:	6c72                	flw	fs8,28(sp)
100006a2:	2164                	fld	fs1,192(a0)
100006a4:	000a                	c.slli	zero,0x2
100006a6:	0000                	unimp
100006a8:	676e6953          	0x676e6953
100006ac:	656c                	flw	fa1,76(a0)
100006ae:	2020                	fld	fs0,64(s0)
100006b0:	2020                	fld	fs0,64(s0)
100006b2:	2020                	fld	fs0,64(s0)
100006b4:	2020                	fld	fs0,64(s0)
100006b6:	2020                	fld	fs0,64(s0)
100006b8:	0000                	unimp
100006ba:	0000                	unimp
100006bc:	5344                	lw	s1,36(a4)
100006be:	4950                	lw	a2,20(a0)
100006c0:	2020                	fld	fs0,64(s0)
100006c2:	2020                	fld	fs0,64(s0)
100006c4:	2020                	fld	fs0,64(s0)
100006c6:	2020                	fld	fs0,64(s0)
100006c8:	2020                	fld	fs0,64(s0)
100006ca:	2020                	fld	fs0,64(s0)
100006cc:	0000                	unimp
100006ce:	0000                	unimp
100006d0:	5344                	lw	s1,36(a4)
100006d2:	4950                	lw	a2,20(a0)
100006d4:	4320                	lw	s0,64(a4)
100006d6:	4d52                	lw	s10,20(sp)
100006d8:	2020                	fld	fs0,64(s0)
100006da:	2020                	fld	fs0,64(s0)
100006dc:	2020                	fld	fs0,64(s0)
100006de:	2020                	fld	fs0,64(s0)
100006e0:	0000                	unimp
100006e2:	0000                	unimp
100006e4:	5344                	lw	s1,36(a4)
100006e6:	4950                	lw	a2,20(a0)
100006e8:	4320                	lw	s0,64(a4)
100006ea:	4d52                	lw	s10,20(sp)
100006ec:	4c20                	lw	s0,88(s0)
100006ee:	5441                	li	s0,-16
100006f0:	2034                	fld	fa3,64(s0)
100006f2:	2020                	fld	fs0,64(s0)
100006f4:	0000                	unimp
100006f6:	0000                	unimp
100006f8:	5351                	li	t1,-12
100006fa:	4950                	lw	a2,20(a0)
100006fc:	2020                	fld	fs0,64(s0)
100006fe:	2020                	fld	fs0,64(s0)
10000700:	2020                	fld	fs0,64(s0)
10000702:	2020                	fld	fs0,64(s0)
10000704:	2020                	fld	fs0,64(s0)
10000706:	2020                	fld	fs0,64(s0)
10000708:	0000                	unimp
1000070a:	0000                	unimp
1000070c:	5351                	li	t1,-12
1000070e:	4950                	lw	a2,20(a0)
10000710:	4320                	lw	s0,64(a4)
10000712:	4d52                	lw	s10,20(sp)
10000714:	2020                	fld	fs0,64(s0)
10000716:	2020                	fld	fs0,64(s0)
10000718:	2020                	fld	fs0,64(s0)
1000071a:	2020                	fld	fs0,64(s0)
1000071c:	0000                	unimp
1000071e:	0000                	unimp
10000720:	5351                	li	t1,-12
10000722:	4950                	lw	a2,20(a0)
10000724:	4420                	lw	s0,72(s0)
10000726:	5244                	lw	s1,36(a2)
10000728:	2020                	fld	fs0,64(s0)
1000072a:	2020                	fld	fs0,64(s0)
1000072c:	2020                	fld	fs0,64(s0)
1000072e:	2020                	fld	fs0,64(s0)
10000730:	0000                	unimp
10000732:	0000                	unimp
10000734:	5351                	li	t1,-12
10000736:	4950                	lw	a2,20(a0)
10000738:	4420                	lw	s0,72(s0)
1000073a:	5244                	lw	s1,36(a2)
1000073c:	4320                	lw	s0,64(a4)
1000073e:	4d52                	lw	s10,20(sp)
10000740:	2020                	fld	fs0,64(s0)
10000742:	2020                	fld	fs0,64(s0)
10000744:	0000                	unimp
	...

Disassembly of section .comment:

00000000 <.comment>:
   0:	3a434347          	fmsub.d	ft6,ft6,ft4,ft7,rmm
   4:	2820                	fld	fs0,80(s0)
   6:	29554e47          	fmsub.s	ft8,fa0,fs5,ft5,rmm
   a:	3820                	fld	fs0,112(s0)
   c:	322e                	fld	ft4,232(sp)
   e:	302e                	fld	ft0,232(sp)
	...
