
===========================================================================
 report_power
============================================================================
======================= Fastest Corner ===================================

Group                  Internal  Switching    Leakage      Total
                          Power      Power      Power      Power (Watts)
----------------------------------------------------------------
Sequential             1.00e-02   9.46e-04   5.66e-06   1.10e-02  20.9%
Combinational          1.91e-02   2.25e-02   1.36e-06   4.16e-02  79.1%
Macro                  0.00e+00   0.00e+00   0.00e+00   0.00e+00   0.0%
Pad                    0.00e+00   0.00e+00   0.00e+00   0.00e+00   0.0%
----------------------------------------------------------------
Total                  2.92e-02   2.34e-02   7.02e-06   5.26e-02 100.0%
                          55.5%      44.5%       0.0%

======================= Slowest Corner ===================================

Group                  Internal  Switching    Leakage      Total
                          Power      Power      Power      Power (Watts)
----------------------------------------------------------------
Sequential             6.87e-03   6.21e-04   7.32e-05   7.56e-03  20.8%
Combinational          1.36e-02   1.50e-02   2.63e-04   2.89e-02  79.2%
Macro                  0.00e+00   0.00e+00   0.00e+00   0.00e+00   0.0%
Pad                    0.00e+00   0.00e+00   0.00e+00   0.00e+00   0.0%
----------------------------------------------------------------
Total                  2.05e-02   1.56e-02   3.36e-04   3.64e-02 100.0%
                          56.2%      42.9%       0.9%

======================= Typical Corner ===================================

Group                  Internal  Switching    Leakage      Total
                          Power      Power      Power      Power (Watts)
----------------------------------------------------------------
Sequential             8.69e-03   7.95e-04   5.63e-06   9.49e-03  20.9%
Combinational          1.68e-02   1.91e-02   8.86e-07   3.59e-02  79.1%
Macro                  0.00e+00   0.00e+00   0.00e+00   0.00e+00   0.0%
Pad                    0.00e+00   0.00e+00   0.00e+00   0.00e+00   0.0%
----------------------------------------------------------------
Total                  2.55e-02   1.99e-02   6.51e-06   4.54e-02 100.0%
                          56.2%      43.8%       0.0%

